// Jest Snapshot v1, https://goo.gl/fbAQLP

exports[`renders correctly 1`] = `
<div
  className="zzf-alert zzf-alert-info"
>
  <span
    className="zzf-alert-info-icon"
  >
    <svg
      aria-hidden={true}
      className="zzf-alert-icon dekopon-icon dekopon-icon-info-circle-fill"
      fill="none"
      focusable={false}
      stroke="currentColor"
      strokeWidth="4"
      viewBox="0 0 48 48"
    >
      <path
        clipRule="evenodd"
        d="M24 44c11.046 0 20-8.954 20-20S35.046 4 24 4 4 12.954 4 24s8.954 20 20 20Zm2-30a1 1 0 0 0-1-1h-2a1 1 0 0 0-1 1v2a1 1 0 0 0 1 1h2a1 1 0 0 0 1-1v-2Zm0 17h1a1 1 0 0 1 1 1v2a1 1 0 0 1-1 1h-6a1 1 0 0 1-1-1v-2a1 1 0 0 1 1-1h1v-8a1 1 0 0 1-1-1v-2a1 1 0 0 1 1-1h3a1 1 0 0 1 1 1v11Z"
        fill="currentColor"
        fillRule="evenodd"
        stroke="none"
      />
    </svg>
  </span>
  Facebook
</div>
`;

exports[`renders correctly 2`] = `
<div
  className="zzf-alert zzf-alert-info"
>
  <span
    className="zzf-alert-info-icon"
  >
    <svg
      aria-hidden={true}
      className="zzf-alert-icon dekopon-icon dekopon-icon-info-circle-fill"
      fill="none"
      focusable={false}
      stroke="currentColor"
      strokeWidth="4"
      viewBox="0 0 48 48"
    >
      <path
        clipRule="evenodd"
        d="M24 44c11.046 0 20-8.954 20-20S35.046 4 24 4 4 12.954 4 24s8.954 20 20 20Zm2-30a1 1 0 0 0-1-1h-2a1 1 0 0 0-1 1v2a1 1 0 0 0 1 1h2a1 1 0 0 0 1-1v-2Zm0 17h1a1 1 0 0 1 1 1v2a1 1 0 0 1-1 1h-6a1 1 0 0 1-1-1v-2a1 1 0 0 1 1-1h1v-8a1 1 0 0 1-1-1v-2a1 1 0 0 1 1-1h3a1 1 0 0 1 1 1v11Z"
        fill="currentColor"
        fillRule="evenodd"
        stroke="none"
      />
    </svg>
  </span>
  Facebook
</div>
`;
