// Jest Snapshot v1, https://goo.gl/fbAQLP

exports[`renders correctly 1`] = `
<span
  onMouseEnter={[Function]}
  onMouseLeave={[Function]}
>
  Facebook
</span>
`;

exports[`renders correctly 2`] = `
<span
  onMouseEnter={[Function]}
  onMouseLeave={[Function]}
>
  Facebook
</span>
`;
